SIMON,ses-001_run-1,/ipl/scratch20/Mahsa/Simon/LP/SIMON/ses-001_run-1/stx2/stx2_SIMON_ses-001_run-1_t1.mnc
SIMON,ses-002_run-1,/ipl/scratch20/Mahsa/Simon/LP/SIMON/ses-002_run-1/stx2/stx2_SIMON_ses-002_run-1_t1.mnc
SIMON,ses-003_run-1,/ipl/scratch20/Mahsa/Simon/LP/SIMON/ses-003_run-1/stx2/stx2_SIMON_ses-003_run-1_t1.mnc
SIMON,ses-004_run-1,/ipl/scratch20/Mahsa/Simon/LP/SIMON/ses-004_run-1/stx2/stx2_SIMON_ses-004_run-1_t1.mnc
SIMON,ses-005_run-1,/ipl/scratch20/Mahsa/Simon/LP/SIMON/ses-005_run-1/stx2/stx2_SIMON_ses-005_run-1_t1.mnc
SIMON,ses-005_run-2,/ipl/scratch20/Mahsa/Simon/LP/SIMON/ses-005_run-2/stx2/stx2_SIMON_ses-005_run-2_t1.mnc
SIMON,ses-005_run-3,/ipl/scratch20/Mahsa/Simon/LP/SIMON/ses-005_run-3/stx2/stx2_SIMON_ses-005_run-3_t1.mnc
SIMON,ses-006_run-1,/ipl/scratch20/Mahsa/Simon/LP/SIMON/ses-006_run-1/stx2/stx2_SIMON_ses-006_run-1_t1.mnc
SIMON,ses-006_run-2,/ipl/scratch20/Mahsa/Simon/LP/SIMON/ses-006_run-2/stx2/stx2_SIMON_ses-006_run-2_t1.mnc
SIMON,ses-007_run-1,/ipl/scratch20/Mahsa/Simon/LP/SIMON/ses-007_run-1/stx2/stx2_SIMON_ses-007_run-1_t1.mnc
SIMON,ses-008_run-1,/ipl/scratch20/Mahsa/Simon/LP/SIMON/ses-008_run-1/stx2/stx2_SIMON_ses-008_run-1_t1.mnc
SIMON,ses-009_run-1,/ipl/scratch20/Mahsa/Simon/LP/SIMON/ses-009_run-1/stx2/stx2_SIMON_ses-009_run-1_t1.mnc
SIMON,ses-010_run-1,/ipl/scratch20/Mahsa/Simon/LP/SIMON/ses-010_run-1/stx2/stx2_SIMON_ses-010_run-1_t1.mnc
SIMON,ses-011_run-1,/ipl/scratch20/Mahsa/Simon/LP/SIMON/ses-011_run-1/stx2/stx2_SIMON_ses-011_run-1_t1.mnc
SIMON,ses-011_run-2,/ipl/scratch20/Mahsa/Simon/LP/SIMON/ses-011_run-2/stx2/stx2_SIMON_ses-011_run-2_t1.mnc
SIMON,ses-012_run-1,/ipl/scratch20/Mahsa/Simon/LP/SIMON/ses-012_run-1/stx2/stx2_SIMON_ses-012_run-1_t1.mnc
SIMON,ses-013_run-1,/ipl/scratch20/Mahsa/Simon/LP/SIMON/ses-013_run-1/stx2/stx2_SIMON_ses-013_run-1_t1.mnc
SIMON,ses-014_run-1,/ipl/scratch20/Mahsa/Simon/LP/SIMON/ses-014_run-1/stx2/stx2_SIMON_ses-014_run-1_t1.mnc
SIMON,ses-015_run-1,/ipl/scratch20/Mahsa/Simon/LP/SIMON/ses-015_run-1/stx2/stx2_SIMON_ses-015_run-1_t1.mnc
SIMON,ses-016_run-1,/ipl/scratch20/Mahsa/Simon/LP/SIMON/ses-016_run-1/stx2/stx2_SIMON_ses-016_run-1_t1.mnc
SIMON,ses-017_run-1,/ipl/scratch20/Mahsa/Simon/LP/SIMON/ses-017_run-1/stx2/stx2_SIMON_ses-017_run-1_t1.mnc
SIMON,ses-018_run-1,/ipl/scratch20/Mahsa/Simon/LP/SIMON/ses-018_run-1/stx2/stx2_SIMON_ses-018_run-1_t1.mnc
SIMON,ses-019_run-1,/ipl/scratch20/Mahsa/Simon/LP/SIMON/ses-019_run-1/stx2/stx2_SIMON_ses-019_run-1_t1.mnc
SIMON,ses-020_run-1,/ipl/scratch20/Mahsa/Simon/LP/SIMON/ses-020_run-1/stx2/stx2_SIMON_ses-020_run-1_t1.mnc
SIMON,ses-021_run-1,/ipl/scratch20/Mahsa/Simon/LP/SIMON/ses-021_run-1/stx2/stx2_SIMON_ses-021_run-1_t1.mnc
SIMON,ses-022_run-1,/ipl/scratch20/Mahsa/Simon/LP/SIMON/ses-022_run-1/stx2/stx2_SIMON_ses-022_run-1_t1.mnc
SIMON,ses-023_run-1,/ipl/scratch20/Mahsa/Simon/LP/SIMON/ses-023_run-1/stx2/stx2_SIMON_ses-023_run-1_t1.mnc
SIMON,ses-024_run-1,/ipl/scratch20/Mahsa/Simon/LP/SIMON/ses-024_run-1/stx2/stx2_SIMON_ses-024_run-1_t1.mnc
SIMON,ses-025_run-1,/ipl/scratch20/Mahsa/Simon/LP/SIMON/ses-025_run-1/stx2/stx2_SIMON_ses-025_run-1_t1.mnc
SIMON,ses-026_run-1,/ipl/scratch20/Mahsa/Simon/LP/SIMON/ses-026_run-1/stx2/stx2_SIMON_ses-026_run-1_t1.mnc
SIMON,ses-027_run-1,/ipl/scratch20/Mahsa/Simon/LP/SIMON/ses-027_run-1/stx2/stx2_SIMON_ses-027_run-1_t1.mnc
SIMON,ses-028_run-1,/ipl/scratch20/Mahsa/Simon/LP/SIMON/ses-028_run-1/stx2/stx2_SIMON_ses-028_run-1_t1.mnc
SIMON,ses-030_acq-32channel_run-2,/ipl/scratch20/Mahsa/Simon/LP/SIMON/ses-030_acq-32channel_run-2/stx2/stx2_SIMON_ses-030_acq-32channel_run-2_t1.mnc
SIMON,ses-030_acq-32channel_run-3,/ipl/scratch20/Mahsa/Simon/LP/SIMON/ses-030_acq-32channel_run-3/stx2/stx2_SIMON_ses-030_acq-32channel_run-3_t1.mnc
SIMON,ses-030_run-1,/ipl/scratch20/Mahsa/Simon/LP/SIMON/ses-030_run-1/stx2/stx2_SIMON_ses-030_run-1_t1.mnc
SIMON,ses-031_run-1,/ipl/scratch20/Mahsa/Simon/LP/SIMON/ses-031_run-1/stx2/stx2_SIMON_ses-031_run-1_t1.mnc
SIMON,ses-032_acq-08iso_run-2,/ipl/scratch20/Mahsa/Simon/LP/SIMON/ses-032_acq-08iso_run-2/stx2/stx2_SIMON_ses-032_acq-08iso_run-2_t1.mnc
SIMON,ses-032_acq-10iso_run-1,/ipl/scratch20/Mahsa/Simon/LP/SIMON/ses-032_acq-10iso_run-1/stx2/stx2_SIMON_ses-032_acq-10iso_run-1_t1.mnc
SIMON,ses-033_acq-08iso_run-2,/ipl/scratch20/Mahsa/Simon/LP/SIMON/ses-033_acq-08iso_run-2/stx2/stx2_SIMON_ses-033_acq-08iso_run-2_t1.mnc
SIMON,ses-033_acq-10iso_run-1,/ipl/scratch20/Mahsa/Simon/LP/SIMON/ses-033_acq-10iso_run-1/stx2/stx2_SIMON_ses-033_acq-10iso_run-1_t1.mnc
SIMON,ses-034_acq-08iso_run-1,/ipl/scratch20/Mahsa/Simon/LP/SIMON/ses-034_acq-08iso_run-1/stx2/stx2_SIMON_ses-034_acq-08iso_run-1_t1.mnc
SIMON,ses-035_run-1,/ipl/scratch20/Mahsa/Simon/LP/SIMON/ses-035_run-1/stx2/stx2_SIMON_ses-035_run-1_t1.mnc
SIMON,ses-036_run-1,/ipl/scratch20/Mahsa/Simon/LP/SIMON/ses-036_run-1/stx2/stx2_SIMON_ses-036_run-1_t1.mnc
SIMON,ses-036_run-2,/ipl/scratch20/Mahsa/Simon/LP/SIMON/ses-036_run-2/stx2/stx2_SIMON_ses-036_run-2_t1.mnc
SIMON,ses-036_run-3,/ipl/scratch20/Mahsa/Simon/LP/SIMON/ses-036_run-3/stx2/stx2_SIMON_ses-036_run-3_t1.mnc
SIMON,ses-036_run-4,/ipl/scratch20/Mahsa/Simon/LP/SIMON/ses-036_run-4/stx2/stx2_SIMON_ses-036_run-4_t1.mnc
SIMON,ses-036_run-5,/ipl/scratch20/Mahsa/Simon/LP/SIMON/ses-036_run-5/stx2/stx2_SIMON_ses-036_run-5_t1.mnc
SIMON,ses-037_run-1,/ipl/scratch20/Mahsa/Simon/LP/SIMON/ses-037_run-1/stx2/stx2_SIMON_ses-037_run-1_t1.mnc
SIMON,ses-038_run-1,/ipl/scratch20/Mahsa/Simon/LP/SIMON/ses-038_run-1/stx2/stx2_SIMON_ses-038_run-1_t1.mnc
SIMON,ses-039_run-1,/ipl/scratch20/Mahsa/Simon/LP/SIMON/ses-039_run-1/stx2/stx2_SIMON_ses-039_run-1_t1.mnc
SIMON,ses-040_run-1,/ipl/scratch20/Mahsa/Simon/LP/SIMON/ses-040_run-1/stx2/stx2_SIMON_ses-040_run-1_t1.mnc
SIMON,ses-041_run-1,/ipl/scratch20/Mahsa/Simon/LP/SIMON/ses-041_run-1/stx2/stx2_SIMON_ses-041_run-1_t1.mnc
SIMON,ses-042_run-1,/ipl/scratch20/Mahsa/Simon/LP/SIMON/ses-042_run-1/stx2/stx2_SIMON_ses-042_run-1_t1.mnc
SIMON,ses-042_run-2,/ipl/scratch20/Mahsa/Simon/LP/SIMON/ses-042_run-2/stx2/stx2_SIMON_ses-042_run-2_t1.mnc
SIMON,ses-043_run-1,/ipl/scratch20/Mahsa/Simon/LP/SIMON/ses-043_run-1/stx2/stx2_SIMON_ses-043_run-1_t1.mnc
SIMON,ses-044_run-1,/ipl/scratch20/Mahsa/Simon/LP/SIMON/ses-044_run-1/stx2/stx2_SIMON_ses-044_run-1_t1.mnc
SIMON,ses-044_run-2,/ipl/scratch20/Mahsa/Simon/LP/SIMON/ses-044_run-2/stx2/stx2_SIMON_ses-044_run-2_t1.mnc
SIMON,ses-044_run-3,/ipl/scratch20/Mahsa/Simon/LP/SIMON/ses-044_run-3/stx2/stx2_SIMON_ses-044_run-3_t1.mnc
SIMON,ses-045_run-1,/ipl/scratch20/Mahsa/Simon/LP/SIMON/ses-045_run-1/stx2/stx2_SIMON_ses-045_run-1_t1.mnc
SIMON,ses-045_run-2,/ipl/scratch20/Mahsa/Simon/LP/SIMON/ses-045_run-2/stx2/stx2_SIMON_ses-045_run-2_t1.mnc
SIMON,ses-046_run-1,/ipl/scratch20/Mahsa/Simon/LP/SIMON/ses-046_run-1/stx2/stx2_SIMON_ses-046_run-1_t1.mnc
SIMON,ses-046_run-2,/ipl/scratch20/Mahsa/Simon/LP/SIMON/ses-046_run-2/stx2/stx2_SIMON_ses-046_run-2_t1.mnc
SIMON,ses-046_run-3,/ipl/scratch20/Mahsa/Simon/LP/SIMON/ses-046_run-3/stx2/stx2_SIMON_ses-046_run-3_t1.mnc
SIMON,ses-047_run-1,/ipl/scratch20/Mahsa/Simon/LP/SIMON/ses-047_run-1/stx2/stx2_SIMON_ses-047_run-1_t1.mnc
SIMON,ses-048_acq-transverse_run-3,/ipl/scratch20/Mahsa/Simon/LP/SIMON/ses-048_acq-transverse_run-3/stx2/stx2_SIMON_ses-048_acq-transverse_run-3_t1.mnc
SIMON,ses-048_run-1,/ipl/scratch20/Mahsa/Simon/LP/SIMON/ses-048_run-1/stx2/stx2_SIMON_ses-048_run-1_t1.mnc
SIMON,ses-048_run-2,/ipl/scratch20/Mahsa/Simon/LP/SIMON/ses-048_run-2/stx2/stx2_SIMON_ses-048_run-2_t1.mnc
SIMON,ses-049_run-1,/ipl/scratch20/Mahsa/Simon/LP/SIMON/ses-049_run-1/stx2/stx2_SIMON_ses-049_run-1_t1.mnc
SIMON,ses-050_run-1,/ipl/scratch20/Mahsa/Simon/LP/SIMON/ses-050_run-1/stx2/stx2_SIMON_ses-050_run-1_t1.mnc
SIMON,ses-051_run-1,/ipl/scratch20/Mahsa/Simon/LP/SIMON/ses-051_run-1/stx2/stx2_SIMON_ses-051_run-1_t1.mnc
SIMON,ses-051_run-2,/ipl/scratch20/Mahsa/Simon/LP/SIMON/ses-051_run-2/stx2/stx2_SIMON_ses-051_run-2_t1.mnc
SIMON,ses-052_run-1,/ipl/scratch20/Mahsa/Simon/LP/SIMON/ses-052_run-1/stx2/stx2_SIMON_ses-052_run-1_t1.mnc
SIMON,ses-053_run-1,/ipl/scratch20/Mahsa/Simon/LP/SIMON/ses-053_run-1/stx2/stx2_SIMON_ses-053_run-1_t1.mnc
SIMON,ses-054_run-1,/ipl/scratch20/Mahsa/Simon/LP/SIMON/ses-054_run-1/stx2/stx2_SIMON_ses-054_run-1_t1.mnc
SIMON,ses-055_run-1,/ipl/scratch20/Mahsa/Simon/LP/SIMON/ses-055_run-1/stx2/stx2_SIMON_ses-055_run-1_t1.mnc
SIMON,ses-056_run-1,/ipl/scratch20/Mahsa/Simon/LP/SIMON/ses-056_run-1/stx2/stx2_SIMON_ses-056_run-1_t1.mnc
SIMON,ses-057_run-1,/ipl/scratch20/Mahsa/Simon/LP/SIMON/ses-057_run-1/stx2/stx2_SIMON_ses-057_run-1_t1.mnc
SIMON,ses-058_run-1,/ipl/scratch20/Mahsa/Simon/LP/SIMON/ses-058_run-1/stx2/stx2_SIMON_ses-058_run-1_t1.mnc
SIMON,ses-059_run-1,/ipl/scratch20/Mahsa/Simon/LP/SIMON/ses-059_run-1/stx2/stx2_SIMON_ses-059_run-1_t1.mnc
SIMON,ses-060_run-1,/ipl/scratch20/Mahsa/Simon/LP/SIMON/ses-060_run-1/stx2/stx2_SIMON_ses-060_run-1_t1.mnc
SIMON,ses-061_run-1,/ipl/scratch20/Mahsa/Simon/LP/SIMON/ses-061_run-1/stx2/stx2_SIMON_ses-061_run-1_t1.mnc
SIMON,ses-061_run-2,/ipl/scratch20/Mahsa/Simon/LP/SIMON/ses-061_run-2/stx2/stx2_SIMON_ses-061_run-2_t1.mnc
SIMON,ses-062_run-1,/ipl/scratch20/Mahsa/Simon/LP/SIMON/ses-062_run-1/stx2/stx2_SIMON_ses-062_run-1_t1.mnc
SIMON,ses-063_run-1,/ipl/scratch20/Mahsa/Simon/LP/SIMON/ses-063_run-1/stx2/stx2_SIMON_ses-063_run-1_t1.mnc
SIMON,ses-064_run-1,/ipl/scratch20/Mahsa/Simon/LP/SIMON/ses-064_run-1/stx2/stx2_SIMON_ses-064_run-1_t1.mnc
SIMON,ses-065_run-1,/ipl/scratch20/Mahsa/Simon/LP/SIMON/ses-065_run-1/stx2/stx2_SIMON_ses-065_run-1_t1.mnc
SIMON,ses-066_run-1,/ipl/scratch20/Mahsa/Simon/LP/SIMON/ses-066_run-1/stx2/stx2_SIMON_ses-066_run-1_t1.mnc
SIMON,ses-067_run-1,/ipl/scratch20/Mahsa/Simon/LP/SIMON/ses-067_run-1/stx2/stx2_SIMON_ses-067_run-1_t1.mnc
SIMON,ses-068_run-1,/ipl/scratch20/Mahsa/Simon/LP/SIMON/ses-068_run-1/stx2/stx2_SIMON_ses-068_run-1_t1.mnc
SIMON,ses-069_run-1,/ipl/scratch20/Mahsa/Simon/LP/SIMON/ses-069_run-1/stx2/stx2_SIMON_ses-069_run-1_t1.mnc
SIMON,ses-070_run-1,/ipl/scratch20/Mahsa/Simon/LP/SIMON/ses-070_run-1/stx2/stx2_SIMON_ses-070_run-1_t1.mnc
SIMON,ses-071_run-1,/ipl/scratch20/Mahsa/Simon/LP/SIMON/ses-071_run-1/stx2/stx2_SIMON_ses-071_run-1_t1.mnc
SIMON,ses-072_run-1,/ipl/scratch20/Mahsa/Simon/LP/SIMON/ses-072_run-1/stx2/stx2_SIMON_ses-072_run-1_t1.mnc
SIMON,ses-073_run-1,/ipl/scratch20/Mahsa/Simon/LP/SIMON/ses-073_run-1/stx2/stx2_SIMON_ses-073_run-1_t1.mnc
